acceptance	Run python3 scripts/check_p2_boundaries.py	﻿2026-10-08T15:58:35.7103837Z ##[group]Run python3 scripts/check_p2_boundaries.py
acceptance	Run python3 scripts/check_p2_boundaries.py	2026-10-08T15:58:35.7104087Z [36;1mpython3 scripts/check_p2_boundaries.py[0m
acceptance	Run python3 scripts/check_p2_boundaries.py	2026-10-08T15:58:35.7155687Z shell: /usr/bin/bash -e {0}
acceptance	Run python3 scripts/check_p2_boundaries.py	2026-10-08T15:58:35.7155825Z env:
acceptance	Run python3 scripts/check_p2_boundaries.py	2026-10-08T15:58:35.7155942Z   CARGO_HOME: /home/runner/.cargo
acceptance	Run python3 scripts/check_p2_boundaries.py	2026-10-08T15:58:35.7156083Z   CARGO_INCREMENTAL: 0
acceptance	Run python3 scripts/check_p2_boundaries.py	2026-10-08T15:58:35.7156209Z   CARGO_TERM_COLOR: always
acceptance	Run python3 scripts/check_p2_boundaries.py	2026-10-08T15:58:35.7156338Z ##[endgroup]
acceptance	Run python3 scripts/check_p2_boundaries.py	2026-10-08T15:58:35.8944451Z [1m[92m Downloading[0m crates ...
acceptance	Run python3 scripts/check_p2_boundaries.py	2026-10-08T15:58:35.9598789Z [1m[92m  Downloaded[0m cesu8 v1.1.0
acceptance	Run python3 scripts/check_p2_boundaries.py	2026-10-08T15:58:35.9806357Z [1m[92m  Downloaded[0m jni-sys v0.4.1
acceptance	Run python3 scripts/check_p2_boundaries.py	2026-10-08T15:58:35.9814499Z [1m[92m  Downloaded[0m ndk-context v0.1.1
acceptance	Run python3 scripts/check_p2_boundaries.py	2026-10-08T15:58:35.9828619Z [1m[92m  Downloaded[0m libredox v0.1.25
acceptance	Run python3 scripts/check_p2_boundaries.py	2026-10-08T15:58:35.9848470Z [1m[92m  Downloaded[0m futures-sink v0.3.34
acceptance	Run python3 scripts/check_p2_boundaries.py	2026-10-08T15:58:35.9866032Z [1m[92m  Downloaded[0m futures-task v0.3.34
acceptance	Run python3 scripts/check_p2_boundaries.py	2026-10-08T15:58:35.9874473Z [1m[92m  Downloaded[0m instant v0.1.13
acceptance	Run python3 scripts/check_p2_boundaries.py	2026-10-08T15:58:35.9916561Z [1m[92m  Downloaded[0m jni-sys-macros v0.4.1
acceptance	Run python3 scripts/check_p2_boundaries.py	2026-10-08T15:58:35.9923729Z [1m[92m  Downloaded[0m bytes v1.12.1
acceptance	Run python3 scripts/check_p2_boundaries.py	2026-10-08T15:58:35.9957746Z [1m[92m  Downloaded[0m windows-targets v0.42.2
acceptance	Run python3 scripts/check_p2_boundaries.py	2026-10-08T15:58:35.9963892Z [1m[92m  Downloaded[0m jni-sys v0.3.1
acceptance	Run python3 scripts/check_p2_boundaries.py	2026-10-08T15:58:35.9976419Z [1m[92m  Downloaded[0m anstyle-wincon v3.0.11
acceptance	Run python3 scripts/check_p2_boundaries.py	2026-10-08T15:58:36.0033177Z [1m[92m  Downloaded[0m num_enum v0.7.6
acceptance	Run python3 scripts/check_p2_boundaries.py	2026-10-08T15:58:36.0078304Z [1m[92m  Downloaded[0m mach2 v0.4.3
acceptance	Run python3 scripts/check_p2_boundaries.py	2026-10-08T15:58:36.0101516Z [1m[92m  Downloaded[0m same-file v1.0.6
acceptance	Run python3 scripts/check_p2_boundaries.py	2026-10-08T15:58:36.0162940Z [1m[92m  Downloaded[0m plain v0.2.3
acceptance	Run python3 scripts/check_p2_boundaries.py	2026-10-08T15:58:36.0178224Z [1m[92m  Downloaded[0m once_cell_polyfill v1.70.2
acceptance	Run python3 scripts/check_p2_boundaries.py	2026-10-08T15:58:36.0185553Z [1m[92m  Downloaded[0m wasm-bindgen-futures v0.4.79
acceptance	Run python3 scripts/check_p2_boundaries.py	2026-10-08T15:58:36.0192358Z [1m[92m  Downloaded[0m num-derive v0.4.2
acceptance	Run python3 scripts/check_p2_boundaries.py	2026-10-08T15:58:36.0255321Z [1m[92m  Downloaded[0m wasm-bindgen-macro v0.2.129
acceptance	Run python3 scripts/check_p2_boundaries.py	2026-10-08T15:58:36.0262710Z [1m[92m  Downloaded[0m version-compare v0.1.1
acceptance	Run python3 scripts/check_p2_boundaries.py	2026-10-08T15:58:36.0272343Z [1m[92m  Downloaded[0m winapi-util v0.1.11
acceptance	Run python3 scripts/check_p2_boundaries.py	2026-10-08T15:58:36.0282459Z [1m[92m  Downloaded[0m windows-result v0.1.2
acceptance	Run python3 scripts/check_p2_boundaries.py	2026-10-08T15:58:36.0291408Z [1m[92m  Downloaded[0m proc-macro-crate v3.5.0
acceptance	Run python3 scripts/check_p2_boundaries.py	2026-10-08T15:58:36.0304267Z [1m[92m  Downloaded[0m wasm-bindgen-shared v0.2.129
acceptance	Run python3 scripts/check_p2_boundaries.py	2026-10-08T15:58:36.0366156Z [1m[92m  Downloaded[0m futures-io v0.3.34
acceptance	Run python3 scripts/check_p2_boundaries.py	2026-10-08T15:58:36.0373087Z [1m[92m  Downloaded[0m futures-macro v0.3.34
acceptance	Run python3 scripts/check_p2_boundaries.py	2026-10-08T15:58:36.0381432Z [1m[92m  Downloaded[0m windows-link v0.2.1
acceptance	Run python3 scripts/check_p2_boundaries.py	2026-10-08T15:58:36.0397635Z [1m[92m  Downloaded[0m pin-project-lite v0.2.17
acceptance	Run python3 scripts/check_p2_boundaries.py	2026-10-08T15:58:36.0441475Z [1m[92m  Downloaded[0m futures-executor v0.3.34
acceptance	Run python3 scripts/check_p2_boundaries.py	2026-10-08T15:58:36.0451459Z [1m[92m  Downloaded[0m objc2-encode v4.1.0
acceptance	Run python3 scripts/check_p2_boundaries.py	2026-10-08T15:58:36.0460575Z [1m[92m  Downloaded[0m toml_datetime v1.1.1+spec-1.1.0
acceptance	Run python3 scripts/check_p2_boundaries.py	2026-10-08T15:58:36.0469983Z [1m[92m  Downloaded[0m walkdir v2.5.0
acceptance	Run python3 scripts/check_p2_boundaries.py	2026-10-08T15:58:36.0485011Z [1m[92m  Downloaded[0m redox_syscall v0.9.4
acceptance	Run python3 scripts/check_p2_boundaries.py	2026-10-08T15:58:36.0504536Z [1m[92m  Downloaded[0m objc2-core-audio-types v0.3.2
acceptance	Run python3 scripts/check_p2_boundaries.py	2026-10-08T15:58:36.0511294Z [1m[92m  Downloaded[0m thiserror v1.0.69
acceptance	Run python3 scripts/check_p2_boundaries.py	2026-10-08T15:58:36.0553019Z [1m[92m  Downloaded[0m windows-targets v0.52.6
acceptance	Run python3 scripts/check_p2_boundaries.py	2026-10-08T15:58:36.0559619Z [1m[92m  Downloaded[0m objc2-core-audio v0.3.2
acceptance	Run python3 scripts/check_p2_boundaries.py	2026-10-08T15:58:36.0571156Z [1m[92m  Downloaded[0m thiserror-impl v1.0.69
acceptance	Run python3 scripts/check_p2_boundaries.py	2026-10-08T15:58:36.0580502Z [1m[92m  Downloaded[0m slab v0.4.12
acceptance	Run python3 scripts/check_p2_boundaries.py	2026-10-08T15:58:36.0591220Z [1m[92m  Downloaded[0m num_enum_derive v0.7.6
acceptance	Run python3 scripts/check_p2_boundaries.py	2026-10-08T15:58:36.0601156Z [1m[92m  Downloaded[0m windows-core v0.54.0
acceptance	Run python3 scripts/check_p2_boundaries.py	2026-10-08T15:58:36.0628741Z [1m[92m  Downloaded[0m futures-core v0.3.34
acceptance	Run python3 scripts/check_p2_boundaries.py	2026-10-08T15:58:36.0639068Z [1m[92m  Downloaded[0m toml_parser v1.1.3+spec-1.1.0
acceptance	Run python3 scripts/check_p2_boundaries.py	2026-10-08T15:58:36.0655126Z [1m[92m  Downloaded[0m redox_syscall v0.5.18
acceptance	Run python3 scripts/check_p2_boundaries.py	2026-10-08T15:58:36.0673413Z [1m[92m  Downloaded[0m coreaudio-rs v0.13.0
acceptance	Run python3 scripts/check_p2_boundaries.py	2026-10-08T15:58:36.0690060Z [1m[92m  Downloaded[0m r-efi v6.0.0
acceptance	Run python3 scripts/check_p2_boundaries.py	2026-10-08T15:58:36.0733345Z [1m[92m  Downloaded[0m bumpalo v3.20.3
acceptance	Run python3 scripts/check_p2_boundaries.py	2026-10-08T15:58:36.0752815Z [1m[92m  Downloaded[0m dispatch2 v0.3.1
acceptance	Run python3 scripts/check_p2_boundaries.py	2026-10-08T15:58:36.0770265Z [1m[92m  Downloaded[0m futures-channel v0.3.34
acceptance	Run python3 scripts/check_p2_boundaries.py	2026-10-08T15:58:36.0783260Z [1m[92m  Downloaded[0m futures v0.3.34
acceptance	Run python3 scripts/check_p2_boundaries.py	2026-10-08T15:58:36.0825094Z [1m[92m  Downloaded[0m ndk v0.9.0
acceptance	Run python3 scripts/check_p2_boundaries.py	2026-10-08T15:58:36.0851443Z [1m[92m  Downloaded[0m wasm-bindgen v0.2.129
acceptance	Run python3 scripts/check_p2_boundaries.py	2026-10-08T15:58:36.0871357Z [1m[92m  Downloaded[0m toml_edit v0.25.15+spec-1.1.0
acceptance	Run python3 scripts/check_p2_boundaries.py	2026-10-08T15:58:36.0899423Z [1m[92m  Downloaded[0m jni v0.21.1
acceptance	Run python3 scripts/check_p2_boundaries.py	2026-10-08T15:58:36.0957422Z [1m[92m  Downloaded[0m combine v4.6.8
acceptance	Run python3 scripts/check_p2_boundaries.py	2026-10-08T15:58:36.0984105Z [1m[92m  Downloaded[0m js-sys v0.3.106
acceptance	Run python3 scripts/check_p2_boundaries.py	2026-10-08T15:58:36.1006186Z [1m[92m  Downloaded[0m futures-util v0.3.34
acceptance	Run python3 scripts/check_p2_boundaries.py	2026-10-08T15:58:36.1119980Z [1m[92m  Downloaded[0m wasm-bindgen-macro-support v0.2.129
acceptance	Run python3 scripts/check_p2_boundaries.py	2026-10-08T15:58:36.1139247Z [1m[92m  Downloaded[0m objc2-audio-toolbox v0.3.2
acceptance	Run python3 scripts/check_p2_boundaries.py	2026-10-08T15:58:36.1185604Z [1m[92m  Downloaded[0m winnow v1.0.4
acceptance	Run python3 scripts/check_p2_boundaries.py	2026-10-08T15:58:36.1272772Z [1m[92m  Downloaded[0m objc2-core-foundation v0.3.2
acceptance	Run python3 scripts/check_p2_boundaries.py	2026-10-08T15:58:36.1335280Z [1m[92m  Downloaded[0m sdl2 v0.38.0
acceptance	Run python3 scripts/check_p2_boundaries.py	2026-10-08T15:58:36.1413976Z [1m[92m  Downloaded[0m objc2 v0.6.4
acceptance	Run python3 scripts/check_p2_boundaries.py	2026-10-08T15:58:36.1504999Z [1m[92m  Downloaded[0m ndk-sys v0.6.0+11769913
acceptance	Run python3 scripts/check_p2_boundaries.py	2026-10-08T15:58:36.1561326Z [1m[92m  Downloaded[0m objc2-foundation v0.3.2
acceptance	Run python3 scripts/check_p2_boundaries.py	2026-10-08T15:58:36.1719607Z [1m[92m  Downloaded[0m windows_aarch64_gnullvm v0.42.2
acceptance	Run python3 scripts/check_p2_boundaries.py	2026-10-08T15:58:36.1769366Z [1m[92m  Downloaded[0m windows_x86_64_gnullvm v0.42.2
acceptance	Run python3 scripts/check_p2_boundaries.py	2026-10-08T15:58:36.1818803Z [1m[92m  Downloaded[0m windows_x86_64_gnullvm v0.52.6
acceptance	Run python3 scripts/check_p2_boundaries.py	2026-10-08T15:58:36.1877224Z [1m[92m  Downloaded[0m windows_aarch64_gnullvm v0.52.6
acceptance	Run python3 scripts/check_p2_boundaries.py	2026-10-08T15:58:36.1934962Z [1m[92m  Downloaded[0m console_error_panic_hook v0.1.7
acceptance	Run python3 scripts/check_p2_boundaries.py	2026-10-08T15:58:36.1962975Z [1m[92m  Downloaded[0m windows_i686_gnullvm v0.52.6
acceptance	Run python3 scripts/check_p2_boundaries.py	2026-10-08T15:58:36.2025603Z [1m[92m  Downloaded[0m windows_aarch64_msvc v0.42.2
acceptance	Run python3 scripts/check_p2_boundaries.py	2026-10-08T15:58:36.2098112Z [1m[92m  Downloaded[0m web-sys v0.3.106
acceptance	Run python3 scripts/check_p2_boundaries.py	2026-10-08T15:58:36.2986445Z [1m[92m  Downloaded[0m windows_x86_64_msvc v0.42.2
acceptance	Run python3 scripts/check_p2_boundaries.py	2026-10-08T15:58:36.3059022Z [1m[92m  Downloaded[0m windows_i686_msvc v0.42.2
acceptance	Run python3 scripts/check_p2_boundaries.py	2026-10-08T15:58:36.3149325Z [1m[92m  Downloaded[0m windows_x86_64_gnu v0.42.2
acceptance	Run python3 scripts/check_p2_boundaries.py	2026-10-08T15:58:36.3263926Z [1m[92m  Downloaded[0m windows_i686_gnu v0.42.2
acceptance	Run python3 scripts/check_p2_boundaries.py	2026-10-08T15:58:36.3386065Z [1m[92m  Downloaded[0m windows_aarch64_msvc v0.52.6
acceptance	Run python3 scripts/check_p2_boundaries.py	2026-10-08T15:58:36.3475227Z [1m[92m  Downloaded[0m windows_x86_64_msvc v0.52.6
acceptance	Run python3 scripts/check_p2_boundaries.py	2026-10-08T15:58:36.3561971Z [1m[92m  Downloaded[0m windows_x86_64_gnu v0.52.6
acceptance	Run python3 scripts/check_p2_boundaries.py	2026-10-08T15:58:36.3696613Z [1m[92m  Downloaded[0m windows_i686_gnu v0.52.6
acceptance	Run python3 scripts/check_p2_boundaries.py	2026-10-08T15:58:36.3837816Z [1m[92m  Downloaded[0m windows_i686_msvc v0.52.6
acceptance	Run python3 scripts/check_p2_boundaries.py	2026-10-08T15:58:36.3932735Z [1m[92m  Downloaded[0m tokio v1.53.1
acceptance	Run python3 scripts/check_p2_boundaries.py	2026-10-08T15:58:36.4267137Z [1m[92m  Downloaded[0m winapi v0.3.9
acceptance	Run python3 scripts/check_p2_boundaries.py	2026-10-08T15:58:36.4565780Z [1m[92m  Downloaded[0m orbclient v0.3.55
acceptance	Run python3 scripts/check_p2_boundaries.py	2026-10-08T15:58:36.4694079Z [1m[92m  Downloaded[0m windows-sys v0.61.2
acceptance	Run python3 scripts/check_p2_boundaries.py	2026-10-08T15:58:36.5184480Z [1m[92m  Downloaded[0m windows-sys v0.45.0
acceptance	Run python3 scripts/check_p2_boundaries.py	2026-10-08T15:58:36.5753394Z [1m[92m  Downloaded[0m winapi-x86_64-pc-windows-gnu v0.4.0
acceptance	Run python3 scripts/check_p2_boundaries.py	2026-10-08T15:58:36.6778753Z [1m[92m  Downloaded[0m winapi-i686-pc-windows-gnu v0.4.0
acceptance	Run python3 scripts/check_p2_boundaries.py	2026-10-08T15:58:36.7786342Z [1m[92m  Downloaded[0m sdl2-sys v0.38.0
acceptance	Run python3 scripts/check_p2_boundaries.py	2026-10-08T15:58:36.9576627Z [1m[92m  Downloaded[0m windows v0.54.0
acceptance	Run python3 scripts/check_p2_boundaries.py	2026-10-08T15:58:37.7201038Z fatal: path 'crates/ge4g-pentomino/src/lib.rs' exists on disk, but not in '2d1ffd060389109f341fb5854ce07890f445f3f9'
acceptance	Run python3 scripts/check_p2_boundaries.py	2026-10-08T15:58:37.7896604Z Traceback (most recent call last):
acceptance	Run python3 scripts/check_p2_boundaries.py	2026-10-08T15:58:37.7897139Z   File "/home/runner/work/Game-Engine-For-GPT/Game-Engine-For-GPT/scripts/check_p2_boundaries.py", line 60, in <module>
acceptance	Run python3 scripts/check_p2_boundaries.py	2026-10-08T15:58:37.7897596Z     main()
acceptance	Run python3 scripts/check_p2_boundaries.py	2026-10-08T15:58:37.7898015Z   File "/home/runner/work/Game-Engine-For-GPT/Game-Engine-For-GPT/scripts/check_p2_boundaries.py", line 48, in main
acceptance	Run python3 scripts/check_p2_boundaries.py	2026-10-08T15:58:37.7898357Z     original = command("git", "show", f"{BASE}:{root_path}")
acceptance	Run python3 scripts/check_p2_boundaries.py	2026-10-08T15:58:37.7898908Z                ^^^^^^^^^^^^^^^^^^^^^^^^^^^^^^^^^^^^^^^^^^^^^
acceptance	Run python3 scripts/check_p2_boundaries.py	2026-10-08T15:58:37.7899229Z   File "/home/runner/work/Game-Engine-For-GPT/Game-Engine-For-GPT/scripts/check_p2_boundaries.py", line 15, in command
acceptance	Run python3 scripts/check_p2_boundaries.py	2026-10-08T15:58:37.7899633Z     return subprocess.check_output(args, cwd=ROOT, text=True)
acceptance	Run python3 scripts/check_p2_boundaries.py	2026-10-08T15:58:37.7899832Z            ^^^^^^^^^^^^^^^^^^^^^^^^^^^^^^^^^^^^^^^^^^^^^^^^^^
acceptance	Run python3 scripts/check_p2_boundaries.py	2026-10-08T15:58:37.7900037Z   File "/usr/lib/python3.12/subprocess.py", line 466, in check_output
acceptance	Run python3 scripts/check_p2_boundaries.py	2026-10-08T15:58:37.7900286Z     return run(*popenargs, stdout=PIPE, timeout=timeout, check=True,
acceptance	Run python3 scripts/check_p2_boundaries.py	2026-10-08T15:58:37.7900487Z            ^^^^^^^^^^^^^^^^^^^^^^^^^^^^^^^^^^^^^^^^^^^^^^^^^^^^^^^^^
acceptance	Run python3 scripts/check_p2_boundaries.py	2026-10-08T15:58:37.7900673Z   File "/usr/lib/python3.12/subprocess.py", line 571, in run
acceptance	Run python3 scripts/check_p2_boundaries.py	2026-10-08T15:58:37.7900868Z     raise CalledProcessError(retcode, process.args,
acceptance	Run python3 scripts/check_p2_boundaries.py	2026-10-08T15:58:37.7901272Z subprocess.CalledProcessError: Command '('git', 'show', '2d1ffd060389109f341fb5854ce07890f445f3f9:crates/ge4g-pentomino/src/lib.rs')' returned non-zero exit status 128.
acceptance	Run python3 scripts/check_p2_boundaries.py	2026-10-08T15:58:37.8026957Z ##[error]Process completed with exit code 1.
